408 5888 44669 238173 1004118 3566218 11096386 31057272 79675831 190000085 425715151 903871636 830967542 