265 4571 42054 273497 1407501 6089916 23003423 77819959 240158550 685513385 829361377 603099199 996948180 86703369 908384937 774761780 