9 106 736 4171 19436 75721 253603 749689 1999083 4891795 11134153 