189 1190 4364 11906 27310 55636 104082 182898 305821 490480 759185 1138960 