104 402 1145 1369 1398 2133 2203 2942 3181 4039 4845 5809 6185 6292 7096 7937 8535 8800 