328 7709 94390 801833 5309184 29186033 138567307 583656153 223786034 777124830 250870269 808239184 508203688 155497249 328245653 533555027 574297626 56882114 688692757 353857713 217265172 393771251 539921848 78639591 282218578 942278493 575804910 174966455 540095483 100471399 883255546 125716885 972372132 912614040 694289838 547043516 342924233 766515719 335199131 350508393 150885993 954925437 141999132 39570856 789909522 491858289 767809310 51661271 373460390 971827124 999579852 939462744 932276834 666304893 269195216 961224717 647192236 610066385 428790839 406755732 655791623 859372459 553600679 475547343 